// Jest Snapshot v1, https://goo.gl/fbAQLP

exports[`Test ITagsGroup component on the self's props should render defaultValues correctly 1`] = `
initialize {
  "0": Node {
    "attribs": Object {
      "class": "ii-tags-group-container tagsgroup",
    },
    "children": Array [
      Node {
        "attribs": Object {
          "class": "ant-tag ii-tags-group-edit",
        },
        "children": Array [
          Node {
            "attribs": Object {},
            "children": Array [
              Node {
                "data": "disableEditDemo",
                "next": null,
                "parent": [Circular],
                "prev": null,
                "type": "text",
              },
            ],
            "name": "span",
            "namespace": "http://www.w3.org/1999/xhtml",
            "next": null,
            "parent": [Circular],
            "prev": null,
            "type": "tag",
            "x-attribsNamespace": Object {},
            "x-attribsPrefix": Object {},
          },
        ],
        "name": "span",
        "namespace": "http://www.w3.org/1999/xhtml",
        "next": Node {
          "attribs": Object {
            "class": "ant-tag ii-tags-group-edit",
          },
          "children": Array [
            Node {
              "attribs": Object {},
              "children": Array [
                Node {
                  "data": "ableEditDemo",
                  "next": null,
                  "parent": [Circular],
                  "prev": null,
                  "type": "text",
                },
              ],
              "name": "span",
              "namespace": "http://www.w3.org/1999/xhtml",
              "next": Node {
                "attribs": Object {
                  "aria-label": "close",
                  "class": "anticon anticon-close ant-tag-close-icon",
                  "role": "img",
                  "tabindex": "-1",
                },
                "children": Array [
                  Node {
                    "attribs": Object {
                      "aria-hidden": "true",
                      "data-icon": "close",
                      "fill": "currentColor",
                      "focusable": "false",
                      "height": "1em",
                      "viewBox": "64 64 896 896",
                      "width": "1em",
                    },
                    "children": Array [
                      Node {
                        "attribs": Object {
                          "d": "M563.8 512l262.5-312.9c4.4-5.2.7-13.1-6.1-13.1h-79.8c-4.7 0-9.2 2.1-12.3 5.7L511.6 449.8 295.1 191.7c-3-3.6-7.5-5.7-12.3-5.7H203c-6.8 0-10.5 7.9-6.1 13.1L459.4 512 196.9 824.9A7.95 7.95 0 00203 838h79.8c4.7 0 9.2-2.1 12.3-5.7l216.5-258.1 216.5 258.1c3 3.6 7.5 5.7 12.3 5.7h79.8c6.8 0 10.5-7.9 6.1-13.1L563.8 512z",
                        },
                        "children": Array [],
                        "name": "path",
                        "namespace": "http://www.w3.org/2000/svg",
                        "next": null,
                        "parent": [Circular],
                        "prev": null,
                        "type": "tag",
                        "x-attribsNamespace": Object {
                          "d": undefined,
                        },
                        "x-attribsPrefix": Object {
                          "d": undefined,
                        },
                      },
                    ],
                    "name": "svg",
                    "namespace": "http://www.w3.org/2000/svg",
                    "next": null,
                    "parent": [Circular],
                    "prev": null,
                    "type": "tag",
                    "x-attribsNamespace": Object {
                      "aria-hidden": undefined,
                      "data-icon": undefined,
                      "fill": undefined,
                      "focusable": undefined,
                      "height": undefined,
                      "viewBox": undefined,
                      "width": undefined,
                    },
                    "x-attribsPrefix": Object {
                      "aria-hidden": undefined,
                      "data-icon": undefined,
                      "fill": undefined,
                      "focusable": undefined,
                      "height": undefined,
                      "viewBox": undefined,
                      "width": undefined,
                    },
                  },
                ],
                "name": "span",
                "namespace": "http://www.w3.org/1999/xhtml",
                "next": null,
                "parent": [Circular],
                "prev": [Circular],
                "type": "tag",
                "x-attribsNamespace": Object {
                  "aria-label": undefined,
                  "class": undefined,
                  "role": undefined,
                  "tabindex": undefined,
                },
                "x-attribsPrefix": Object {
                  "aria-label": undefined,
                  "class": undefined,
                  "role": undefined,
                  "tabindex": undefined,
                },
              },
              "parent": [Circular],
              "prev": null,
              "type": "tag",
              "x-attribsNamespace": Object {},
              "x-attribsPrefix": Object {},
            },
            Node {
              "attribs": Object {
                "aria-label": "close",
                "class": "anticon anticon-close ant-tag-close-icon",
                "role": "img",
                "tabindex": "-1",
              },
              "children": Array [
                Node {
                  "attribs": Object {
                    "aria-hidden": "true",
                    "data-icon": "close",
                    "fill": "currentColor",
                    "focusable": "false",
                    "height": "1em",
                    "viewBox": "64 64 896 896",
                    "width": "1em",
                  },
                  "children": Array [
                    Node {
                      "attribs": Object {
                        "d": "M563.8 512l262.5-312.9c4.4-5.2.7-13.1-6.1-13.1h-79.8c-4.7 0-9.2 2.1-12.3 5.7L511.6 449.8 295.1 191.7c-3-3.6-7.5-5.7-12.3-5.7H203c-6.8 0-10.5 7.9-6.1 13.1L459.4 512 196.9 824.9A7.95 7.95 0 00203 838h79.8c4.7 0 9.2-2.1 12.3-5.7l216.5-258.1 216.5 258.1c3 3.6 7.5 5.7 12.3 5.7h79.8c6.8 0 10.5-7.9 6.1-13.1L563.8 512z",
                      },
                      "children": Array [],
                      "name": "path",
                      "namespace": "http://www.w3.org/2000/svg",
                      "next": null,
                      "parent": [Circular],
                      "prev": null,
                      "type": "tag",
                      "x-attribsNamespace": Object {
                        "d": undefined,
                      },
                      "x-attribsPrefix": Object {
                        "d": undefined,
                      },
                    },
                  ],
                  "name": "svg",
                  "namespace": "http://www.w3.org/2000/svg",
                  "next": null,
                  "parent": [Circular],
                  "prev": null,
                  "type": "tag",
                  "x-attribsNamespace": Object {
                    "aria-hidden": undefined,
                    "data-icon": undefined,
                    "fill": undefined,
                    "focusable": undefined,
                    "height": undefined,
                    "viewBox": undefined,
                    "width": undefined,
                  },
                  "x-attribsPrefix": Object {
                    "aria-hidden": undefined,
                    "data-icon": undefined,
                    "fill": undefined,
                    "focusable": undefined,
                    "height": undefined,
                    "viewBox": undefined,
                    "width": undefined,
                  },
                },
              ],
              "name": "span",
              "namespace": "http://www.w3.org/1999/xhtml",
              "next": null,
              "parent": [Circular],
              "prev": Node {
                "attribs": Object {},
                "children": Array [
                  Node {
                    "data": "ableEditDemo",
                    "next": null,
                    "parent": [Circular],
                    "prev": null,
                    "type": "text",
                  },
                ],
                "name": "span",
                "namespace": "http://www.w3.org/1999/xhtml",
                "next": [Circular],
                "parent": [Circular],
                "prev": null,
                "type": "tag",
                "x-attribsNamespace": Object {},
                "x-attribsPrefix": Object {},
              },
              "type": "tag",
              "x-attribsNamespace": Object {
                "aria-label": undefined,
                "class": undefined,
                "role": undefined,
                "tabindex": undefined,
              },
              "x-attribsPrefix": Object {
                "aria-label": undefined,
                "class": undefined,
                "role": undefined,
                "tabindex": undefined,
              },
            },
          ],
          "name": "span",
          "namespace": "http://www.w3.org/1999/xhtml",
          "next": Node {
            "attribs": Object {
              "class": "ant-tag ii-tags-group-plus",
            },
            "children": Array [
              Node {
                "attribs": Object {
                  "aria-label": "plus",
                  "class": "anticon anticon-plus",
                  "role": "img",
                },
                "children": Array [
                  Node {
                    "attribs": Object {
                      "aria-hidden": "true",
                      "data-icon": "plus",
                      "fill": "currentColor",
                      "focusable": "false",
                      "height": "1em",
                      "viewBox": "64 64 896 896",
                      "width": "1em",
                    },
                    "children": Array [
                      Node {
                        "attribs": Object {},
                        "children": Array [
                          Node {
                            "attribs": Object {},
                            "children": Array [],
                            "name": "style",
                            "namespace": "http://www.w3.org/2000/svg",
                            "next": null,
                            "parent": [Circular],
                            "prev": null,
                            "type": "style",
                            "x-attribsNamespace": Object {},
                            "x-attribsPrefix": Object {},
                          },
                        ],
                        "name": "defs",
                        "namespace": "http://www.w3.org/2000/svg",
                        "next": Node {
                          "attribs": Object {
                            "d": "M482 152h60q8 0 8 8v704q0 8-8 8h-60q-8 0-8-8V160q0-8 8-8z",
                          },
                          "children": Array [],
                          "name": "path",
                          "namespace": "http://www.w3.org/2000/svg",
                          "next": Node {
                            "attribs": Object {
                              "d": "M176 474h672q8 0 8 8v60q0 8-8 8H176q-8 0-8-8v-60q0-8 8-8z",
                            },
                            "children": Array [],
                            "name": "path",
                            "namespace": "http://www.w3.org/2000/svg",
                            "next": null,
                            "parent": [Circular],
                            "prev": [Circular],
                            "type": "tag",
                            "x-attribsNamespace": Object {
                              "d": undefined,
                            },
                            "x-attribsPrefix": Object {
                              "d": undefined,
                            },
                          },
                          "parent": [Circular],
                          "prev": [Circular],
                          "type": "tag",
                          "x-attribsNamespace": Object {
                            "d": undefined,
                          },
                          "x-attribsPrefix": Object {
                            "d": undefined,
                          },
                        },
                        "parent": [Circular],
                        "prev": null,
                        "type": "tag",
                        "x-attribsNamespace": Object {},
                        "x-attribsPrefix": Object {},
                      },
                      Node {
                        "attribs": Object {
                          "d": "M482 152h60q8 0 8 8v704q0 8-8 8h-60q-8 0-8-8V160q0-8 8-8z",
                        },
                        "children": Array [],
                        "name": "path",
                        "namespace": "http://www.w3.org/2000/svg",
                        "next": Node {
                          "attribs": Object {
                            "d": "M176 474h672q8 0 8 8v60q0 8-8 8H176q-8 0-8-8v-60q0-8 8-8z",
                          },
                          "children": Array [],
                          "name": "path",
                          "namespace": "http://www.w3.org/2000/svg",
                          "next": null,
                          "parent": [Circular],
                          "prev": [Circular],
                          "type": "tag",
                          "x-attribsNamespace": Object {
                            "d": undefined,
                          },
                          "x-attribsPrefix": Object {
                            "d": undefined,
                          },
                        },
                        "parent": [Circular],
                        "prev": Node {
                          "attribs": Object {},
                          "children": Array [
                            Node {
                              "attribs": Object {},
                              "children": Array [],
                              "name": "style",
                              "namespace": "http://www.w3.org/2000/svg",
                              "next": null,
                              "parent": [Circular],
                              "prev": null,
                              "type": "style",
                              "x-attribsNamespace": Object {},
                              "x-attribsPrefix": Object {},
                            },
                          ],
                          "name": "defs",
                          "namespace": "http://www.w3.org/2000/svg",
                          "next": [Circular],
                          "parent": [Circular],
                          "prev": null,
                          "type": "tag",
                          "x-attribsNamespace": Object {},
                          "x-attribsPrefix": Object {},
                        },
                        "type": "tag",
                        "x-attribsNamespace": Object {
                          "d": undefined,
                        },
                        "x-attribsPrefix": Object {
                          "d": undefined,
                        },
                      },
                      Node {
                        "attribs": Object {
                          "d": "M176 474h672q8 0 8 8v60q0 8-8 8H176q-8 0-8-8v-60q0-8 8-8z",
                        },
                        "children": Array [],
                        "name": "path",
                        "namespace": "http://www.w3.org/2000/svg",
                        "next": null,
                        "parent": [Circular],
                        "prev": Node {
                          "attribs": Object {
                            "d": "M482 152h60q8 0 8 8v704q0 8-8 8h-60q-8 0-8-8V160q0-8 8-8z",
                          },
                          "children": Array [],
                          "name": "path",
                          "namespace": "http://www.w3.org/2000/svg",
                          "next": [Circular],
                          "parent": [Circular],
                          "prev": Node {
                            "attribs": Object {},
                            "children": Array [
                              Node {
                                "attribs": Object {},
                                "children": Array [],
                                "name": "style",
                                "namespace": "http://www.w3.org/2000/svg",
                                "next": null,
                                "parent": [Circular],
                                "prev": null,
                                "type": "style",
                                "x-attribsNamespace": Object {},
                                "x-attribsPrefix": Object {},
                              },
                            ],
                            "name": "defs",
                            "namespace": "http://www.w3.org/2000/svg",
                            "next": [Circular],
                            "parent": [Circular],
                            "prev": null,
                            "type": "tag",
                            "x-attribsNamespace": Object {},
                            "x-attribsPrefix": Object {},
                          },
                          "type": "tag",
                          "x-attribsNamespace": Object {
                            "d": undefined,
                          },
                          "x-attribsPrefix": Object {
                            "d": undefined,
                          },
                        },
                        "type": "tag",
                        "x-attribsNamespace": Object {
                          "d": undefined,
                        },
                        "x-attribsPrefix": Object {
                          "d": undefined,
                        },
                      },
                    ],
                    "name": "svg",
                    "namespace": "http://www.w3.org/2000/svg",
                    "next": null,
                    "parent": [Circular],
                    "prev": null,
                    "type": "tag",
                    "x-attribsNamespace": Object {
                      "aria-hidden": undefined,
                      "data-icon": undefined,
                      "fill": undefined,
                      "focusable": undefined,
                      "height": undefined,
                      "viewBox": undefined,
                      "width": undefined,
                    },
                    "x-attribsPrefix": Object {
                      "aria-hidden": undefined,
                      "data-icon": undefined,
                      "fill": undefined,
                      "focusable": undefined,
                      "height": undefined,
                      "viewBox": undefined,
                      "width": undefined,
                    },
                  },
                ],
                "name": "span",
                "namespace": "http://www.w3.org/1999/xhtml",
                "next": Node {
                  "data": " 增加关键词",
                  "next": null,
                  "parent": [Circular],
                  "prev": [Circular],
                  "type": "text",
                },
                "parent": [Circular],
                "prev": null,
                "type": "tag",
                "x-attribsNamespace": Object {
                  "aria-label": undefined,
                  "class": undefined,
                  "role": undefined,
                },
                "x-attribsPrefix": Object {
                  "aria-label": undefined,
                  "class": undefined,
                  "role": undefined,
                },
              },
              Node {
                "data": " 增加关键词",
                "next": null,
                "parent": [Circular],
                "prev": Node {
                  "attribs": Object {
                    "aria-label": "plus",
                    "class": "anticon anticon-plus",
                    "role": "img",
                  },
                  "children": Array [
                    Node {
                      "attribs": Object {
                        "aria-hidden": "true",
                        "data-icon": "plus",
                        "fill": "currentColor",
                        "focusable": "false",
                        "height": "1em",
                        "viewBox": "64 64 896 896",
                        "width": "1em",
                      },
                      "children": Array [
                        Node {
                          "attribs": Object {},
                          "children": Array [
                            Node {
                              "attribs": Object {},
                              "children": Array [],
                              "name": "style",
                              "namespace": "http://www.w3.org/2000/svg",
                              "next": null,
                              "parent": [Circular],
                              "prev": null,
                              "type": "style",
                              "x-attribsNamespace": Object {},
                              "x-attribsPrefix": Object {},
                            },
                          ],
                          "name": "defs",
                          "namespace": "http://www.w3.org/2000/svg",
                          "next": Node {
                            "attribs": Object {
                              "d": "M482 152h60q8 0 8 8v704q0 8-8 8h-60q-8 0-8-8V160q0-8 8-8z",
                            },
                            "children": Array [],
                            "name": "path",
                            "namespace": "http://www.w3.org/2000/svg",
                            "next": Node {
                              "attribs": Object {
                                "d": "M176 474h672q8 0 8 8v60q0 8-8 8H176q-8 0-8-8v-60q0-8 8-8z",
                              },
                              "children": Array [],
                              "name": "path",
                              "namespace": "http://www.w3.org/2000/svg",
                              "next": null,
                              "parent": [Circular],
                              "prev": [Circular],
                              "type": "tag",
                              "x-attribsNamespace": Object {
                                "d": undefined,
                              },
                              "x-attribsPrefix": Object {
                                "d": undefined,
                              },
                            },
                            "parent": [Circular],
                            "prev": [Circular],
                            "type": "tag",
                            "x-attribsNamespace": Object {
                              "d": undefined,
                            },
                            "x-attribsPrefix": Object {
                              "d": undefined,
                            },
                          },
                          "parent": [Circular],
                          "prev": null,
                          "type": "tag",
                          "x-attribsNamespace": Object {},
                          "x-attribsPrefix": Object {},
                        },
                        Node {
                          "attribs": Object {
                            "d": "M482 152h60q8 0 8 8v704q0 8-8 8h-60q-8 0-8-8V160q0-8 8-8z",
                          },
                          "children": Array [],
                          "name": "path",
                          "namespace": "http://www.w3.org/2000/svg",
                          "next": Node {
                            "attribs": Object {
                              "d": "M176 474h672q8 0 8 8v60q0 8-8 8H176q-8 0-8-8v-60q0-8 8-8z",
                            },
                            "children": Array [],
                            "name": "path",
                            "namespace": "http://www.w3.org/2000/svg",
                            "next": null,
                            "parent": [Circular],
                            "prev": [Circular],
                            "type": "tag",
                            "x-attribsNamespace": Object {
                              "d": undefined,
                            },
                            "x-attribsPrefix": Object {
                              "d": undefined,
                            },
                          },
                          "parent": [Circular],
                          "prev": Node {
                            "attribs": Object {},
                            "children": Array [
                              Node {
                                "attribs": Object {},
                                "children": Array [],
                                "name": "style",
                                "namespace": "http://www.w3.org/2000/svg",
                                "next": null,
                                "parent": [Circular],
                                "prev": null,
                                "type": "style",
                                "x-attribsNamespace": Object {},
                                "x-attribsPrefix": Object {},
                              },
                            ],
                            "name": "defs",
                            "namespace": "http://www.w3.org/2000/svg",
                            "next": [Circular],
                            "parent": [Circular],
                            "prev": null,
                            "type": "tag",
                            "x-attribsNamespace": Object {},
                            "x-attribsPrefix": Object {},
                          },
                          "type": "tag",
                          "x-attribsNamespace": Object {
                            "d": undefined,
                          },
                          "x-attribsPrefix": Object {
                            "d": undefined,
                          },
                        },
                        Node {
                          "attribs": Object {
                            "d": "M176 474h672q8 0 8 8v60q0 8-8 8H176q-8 0-8-8v-60q0-8 8-8z",
                          },
                          "children": Array [],
                          "name": "path",
                          "namespace": "http://www.w3.org/2000/svg",
                          "next": null,
                          "parent": [Circular],
                          "prev": Node {
                            "attribs": Object {
                              "d": "M482 152h60q8 0 8 8v704q0 8-8 8h-60q-8 0-8-8V160q0-8 8-8z",
                            },
                            "children": Array [],
                            "name": "path",
                            "namespace": "http://www.w3.org/2000/svg",
                            "next": [Circular],
                            "parent": [Circular],
                            "prev": Node {
                              "attribs": Object {},
                              "children": Array [
                                Node {
                                  "attribs": Object {},
                                  "children": Array [],
                                  "name": "style",
                                  "namespace": "http://www.w3.org/2000/svg",
                                  "next": null,
                                  "parent": [Circular],
                                  "prev": null,
                                  "type": "style",
                                  "x-attribsNamespace": Object {},
                                  "x-attribsPrefix": Object {},
                                },
                              ],
                              "name": "defs",
                              "namespace": "http://www.w3.org/2000/svg",
                              "next": [Circular],
                              "parent": [Circular],
                              "prev": null,
                              "type": "tag",
                              "x-attribsNamespace": Object {},
                              "x-attribsPrefix": Object {},
                            },
                            "type": "tag",
                            "x-attribsNamespace": Object {
                              "d": undefined,
                            },
                            "x-attribsPrefix": Object {
                              "d": undefined,
                            },
                          },
                          "type": "tag",
                          "x-attribsNamespace": Object {
                            "d": undefined,
                          },
                          "x-attribsPrefix": Object {
                            "d": undefined,
                          },
                        },
                      ],
                      "name": "svg",
                      "namespace": "http://www.w3.org/2000/svg",
                      "next": null,
                      "parent": [Circular],
                      "prev": null,
                      "type": "tag",
                      "x-attribsNamespace": Object {
                        "aria-hidden": undefined,
                        "data-icon": undefined,
                        "fill": undefined,
                        "focusable": undefined,
                        "height": undefined,
                        "viewBox": undefined,
                        "width": undefined,
                      },
                      "x-attribsPrefix": Object {
                        "aria-hidden": undefined,
                        "data-icon": undefined,
                        "fill": undefined,
                        "focusable": undefined,
                        "height": undefined,
                        "viewBox": undefined,
                        "width": undefined,
                      },
                    },
                  ],
                  "name": "span",
                  "namespace": "http://www.w3.org/1999/xhtml",
                  "next": [Circular],
                  "parent": [Circular],
                  "prev": null,
                  "type": "tag",
                  "x-attribsNamespace": Object {
                    "aria-label": undefined,
                    "class": undefined,
                    "role": undefined,
                  },
                  "x-attribsPrefix": Object {
                    "aria-label": undefined,
                    "class": undefined,
                    "role": undefined,
                  },
                },
                "type": "text",
              },
            ],
            "name": "span",
            "namespace": "http://www.w3.org/1999/xhtml",
            "next": null,
            "parent": [Circular],
            "prev": [Circular],
            "type": "tag",
            "x-attribsNamespace": Object {
              "class": undefined,
            },
            "x-attribsPrefix": Object {
              "class": undefined,
            },
          },
          "parent": [Circular],
          "prev": [Circular],
          "type": "tag",
          "x-attribsNamespace": Object {
            "class": undefined,
          },
          "x-attribsPrefix": Object {
            "class": undefined,
          },
        },
        "parent": [Circular],
        "prev": null,
        "type": "tag",
        "x-attribsNamespace": Object {
          "class": undefined,
        },
        "x-attribsPrefix": Object {
          "class": undefined,
        },
      },
      Node {
        "attribs": Object {
          "class": "ant-tag ii-tags-group-edit",
        },
        "children": Array [
          Node {
            "attribs": Object {},
            "children": Array [
              Node {
                "data": "ableEditDemo",
                "next": null,
                "parent": [Circular],
                "prev": null,
                "type": "text",
              },
            ],
            "name": "span",
            "namespace": "http://www.w3.org/1999/xhtml",
            "next": Node {
              "attribs": Object {
                "aria-label": "close",
                "class": "anticon anticon-close ant-tag-close-icon",
                "role": "img",
                "tabindex": "-1",
              },
              "children": Array [
                Node {
                  "attribs": Object {
                    "aria-hidden": "true",
                    "data-icon": "close",
                    "fill": "currentColor",
                    "focusable": "false",
                    "height": "1em",
                    "viewBox": "64 64 896 896",
                    "width": "1em",
                  },
                  "children": Array [
                    Node {
                      "attribs": Object {
                        "d": "M563.8 512l262.5-312.9c4.4-5.2.7-13.1-6.1-13.1h-79.8c-4.7 0-9.2 2.1-12.3 5.7L511.6 449.8 295.1 191.7c-3-3.6-7.5-5.7-12.3-5.7H203c-6.8 0-10.5 7.9-6.1 13.1L459.4 512 196.9 824.9A7.95 7.95 0 00203 838h79.8c4.7 0 9.2-2.1 12.3-5.7l216.5-258.1 216.5 258.1c3 3.6 7.5 5.7 12.3 5.7h79.8c6.8 0 10.5-7.9 6.1-13.1L563.8 512z",
                      },
                      "children": Array [],
                      "name": "path",
                      "namespace": "http://www.w3.org/2000/svg",
                      "next": null,
                      "parent": [Circular],
                      "prev": null,
                      "type": "tag",
                      "x-attribsNamespace": Object {
                        "d": undefined,
                      },
                      "x-attribsPrefix": Object {
                        "d": undefined,
                      },
                    },
                  ],
                  "name": "svg",
                  "namespace": "http://www.w3.org/2000/svg",
                  "next": null,
                  "parent": [Circular],
                  "prev": null,
                  "type": "tag",
                  "x-attribsNamespace": Object {
                    "aria-hidden": undefined,
                    "data-icon": undefined,
                    "fill": undefined,
                    "focusable": undefined,
                    "height": undefined,
                    "viewBox": undefined,
                    "width": undefined,
                  },
                  "x-attribsPrefix": Object {
                    "aria-hidden": undefined,
                    "data-icon": undefined,
                    "fill": undefined,
                    "focusable": undefined,
                    "height": undefined,
                    "viewBox": undefined,
                    "width": undefined,
                  },
                },
              ],
              "name": "span",
              "namespace": "http://www.w3.org/1999/xhtml",
              "next": null,
              "parent": [Circular],
              "prev": [Circular],
              "type": "tag",
              "x-attribsNamespace": Object {
                "aria-label": undefined,
                "class": undefined,
                "role": undefined,
                "tabindex": undefined,
              },
              "x-attribsPrefix": Object {
                "aria-label": undefined,
                "class": undefined,
                "role": undefined,
                "tabindex": undefined,
              },
            },
            "parent": [Circular],
            "prev": null,
            "type": "tag",
            "x-attribsNamespace": Object {},
            "x-attribsPrefix": Object {},
          },
          Node {
            "attribs": Object {
              "aria-label": "close",
              "class": "anticon anticon-close ant-tag-close-icon",
              "role": "img",
              "tabindex": "-1",
            },
            "children": Array [
              Node {
                "attribs": Object {
                  "aria-hidden": "true",
                  "data-icon": "close",
                  "fill": "currentColor",
                  "focusable": "false",
                  "height": "1em",
                  "viewBox": "64 64 896 896",
                  "width": "1em",
                },
                "children": Array [
                  Node {
                    "attribs": Object {
                      "d": "M563.8 512l262.5-312.9c4.4-5.2.7-13.1-6.1-13.1h-79.8c-4.7 0-9.2 2.1-12.3 5.7L511.6 449.8 295.1 191.7c-3-3.6-7.5-5.7-12.3-5.7H203c-6.8 0-10.5 7.9-6.1 13.1L459.4 512 196.9 824.9A7.95 7.95 0 00203 838h79.8c4.7 0 9.2-2.1 12.3-5.7l216.5-258.1 216.5 258.1c3 3.6 7.5 5.7 12.3 5.7h79.8c6.8 0 10.5-7.9 6.1-13.1L563.8 512z",
                    },
                    "children": Array [],
                    "name": "path",
                    "namespace": "http://www.w3.org/2000/svg",
                    "next": null,
                    "parent": [Circular],
                    "prev": null,
                    "type": "tag",
                    "x-attribsNamespace": Object {
                      "d": undefined,
                    },
                    "x-attribsPrefix": Object {
                      "d": undefined,
                    },
                  },
                ],
                "name": "svg",
                "namespace": "http://www.w3.org/2000/svg",
                "next": null,
                "parent": [Circular],
                "prev": null,
                "type": "tag",
                "x-attribsNamespace": Object {
                  "aria-hidden": undefined,
                  "data-icon": undefined,
                  "fill": undefined,
                  "focusable": undefined,
                  "height": undefined,
                  "viewBox": undefined,
                  "width": undefined,
                },
                "x-attribsPrefix": Object {
                  "aria-hidden": undefined,
                  "data-icon": undefined,
                  "fill": undefined,
                  "focusable": undefined,
                  "height": undefined,
                  "viewBox": undefined,
                  "width": undefined,
                },
              },
            ],
            "name": "span",
            "namespace": "http://www.w3.org/1999/xhtml",
            "next": null,
            "parent": [Circular],
            "prev": Node {
              "attribs": Object {},
              "children": Array [
                Node {
                  "data": "ableEditDemo",
                  "next": null,
                  "parent": [Circular],
                  "prev": null,
                  "type": "text",
                },
              ],
              "name": "span",
              "namespace": "http://www.w3.org/1999/xhtml",
              "next": [Circular],
              "parent": [Circular],
              "prev": null,
              "type": "tag",
              "x-attribsNamespace": Object {},
              "x-attribsPrefix": Object {},
            },
            "type": "tag",
            "x-attribsNamespace": Object {
              "aria-label": undefined,
              "class": undefined,
              "role": undefined,
              "tabindex": undefined,
            },
            "x-attribsPrefix": Object {
              "aria-label": undefined,
              "class": undefined,
              "role": undefined,
              "tabindex": undefined,
            },
          },
        ],
        "name": "span",
        "namespace": "http://www.w3.org/1999/xhtml",
        "next": Node {
          "attribs": Object {
            "class": "ant-tag ii-tags-group-plus",
          },
          "children": Array [
            Node {
              "attribs": Object {
                "aria-label": "plus",
                "class": "anticon anticon-plus",
                "role": "img",
              },
              "children": Array [
                Node {
                  "attribs": Object {
                    "aria-hidden": "true",
                    "data-icon": "plus",
                    "fill": "currentColor",
                    "focusable": "false",
                    "height": "1em",
                    "viewBox": "64 64 896 896",
                    "width": "1em",
                  },
                  "children": Array [
                    Node {
                      "attribs": Object {},
                      "children": Array [
                        Node {
                          "attribs": Object {},
                          "children": Array [],
                          "name": "style",
                          "namespace": "http://www.w3.org/2000/svg",
                          "next": null,
                          "parent": [Circular],
                          "prev": null,
                          "type": "style",
                          "x-attribsNamespace": Object {},
                          "x-attribsPrefix": Object {},
                        },
                      ],
                      "name": "defs",
                      "namespace": "http://www.w3.org/2000/svg",
                      "next": Node {
                        "attribs": Object {
                          "d": "M482 152h60q8 0 8 8v704q0 8-8 8h-60q-8 0-8-8V160q0-8 8-8z",
                        },
                        "children": Array [],
                        "name": "path",
                        "namespace": "http://www.w3.org/2000/svg",
                        "next": Node {
                          "attribs": Object {
                            "d": "M176 474h672q8 0 8 8v60q0 8-8 8H176q-8 0-8-8v-60q0-8 8-8z",
                          },
                          "children": Array [],
                          "name": "path",
                          "namespace": "http://www.w3.org/2000/svg",
                          "next": null,
                          "parent": [Circular],
                          "prev": [Circular],
                          "type": "tag",
                          "x-attribsNamespace": Object {
                            "d": undefined,
                          },
                          "x-attribsPrefix": Object {
                            "d": undefined,
                          },
                        },
                        "parent": [Circular],
                        "prev": [Circular],
                        "type": "tag",
                        "x-attribsNamespace": Object {
                          "d": undefined,
                        },
                        "x-attribsPrefix": Object {
                          "d": undefined,
                        },
                      },
                      "parent": [Circular],
                      "prev": null,
                      "type": "tag",
                      "x-attribsNamespace": Object {},
                      "x-attribsPrefix": Object {},
                    },
                    Node {
                      "attribs": Object {
                        "d": "M482 152h60q8 0 8 8v704q0 8-8 8h-60q-8 0-8-8V160q0-8 8-8z",
                      },
                      "children": Array [],
                      "name": "path",
                      "namespace": "http://www.w3.org/2000/svg",
                      "next": Node {
                        "attribs": Object {
                          "d": "M176 474h672q8 0 8 8v60q0 8-8 8H176q-8 0-8-8v-60q0-8 8-8z",
                        },
                        "children": Array [],
                        "name": "path",
                        "namespace": "http://www.w3.org/2000/svg",
                        "next": null,
                        "parent": [Circular],
                        "prev": [Circular],
                        "type": "tag",
                        "x-attribsNamespace": Object {
                          "d": undefined,
                        },
                        "x-attribsPrefix": Object {
                          "d": undefined,
                        },
                      },
                      "parent": [Circular],
                      "prev": Node {
                        "attribs": Object {},
                        "children": Array [
                          Node {
                            "attribs": Object {},
                            "children": Array [],
                            "name": "style",
                            "namespace": "http://www.w3.org/2000/svg",
                            "next": null,
                            "parent": [Circular],
                            "prev": null,
                            "type": "style",
                            "x-attribsNamespace": Object {},
                            "x-attribsPrefix": Object {},
                          },
                        ],
                        "name": "defs",
                        "namespace": "http://www.w3.org/2000/svg",
                        "next": [Circular],
                        "parent": [Circular],
                        "prev": null,
                        "type": "tag",
                        "x-attribsNamespace": Object {},
                        "x-attribsPrefix": Object {},
                      },
                      "type": "tag",
                      "x-attribsNamespace": Object {
                        "d": undefined,
                      },
                      "x-attribsPrefix": Object {
                        "d": undefined,
                      },
                    },
                    Node {
                      "attribs": Object {
                        "d": "M176 474h672q8 0 8 8v60q0 8-8 8H176q-8 0-8-8v-60q0-8 8-8z",
                      },
                      "children": Array [],
                      "name": "path",
                      "namespace": "http://www.w3.org/2000/svg",
                      "next": null,
                      "parent": [Circular],
                      "prev": Node {
                        "attribs": Object {
                          "d": "M482 152h60q8 0 8 8v704q0 8-8 8h-60q-8 0-8-8V160q0-8 8-8z",
                        },
                        "children": Array [],
                        "name": "path",
                        "namespace": "http://www.w3.org/2000/svg",
                        "next": [Circular],
                        "parent": [Circular],
                        "prev": Node {
                          "attribs": Object {},
                          "children": Array [
                            Node {
                              "attribs": Object {},
                              "children": Array [],
                              "name": "style",
                              "namespace": "http://www.w3.org/2000/svg",
                              "next": null,
                              "parent": [Circular],
                              "prev": null,
                              "type": "style",
                              "x-attribsNamespace": Object {},
                              "x-attribsPrefix": Object {},
                            },
                          ],
                          "name": "defs",
                          "namespace": "http://www.w3.org/2000/svg",
                          "next": [Circular],
                          "parent": [Circular],
                          "prev": null,
                          "type": "tag",
                          "x-attribsNamespace": Object {},
                          "x-attribsPrefix": Object {},
                        },
                        "type": "tag",
                        "x-attribsNamespace": Object {
                          "d": undefined,
                        },
                        "x-attribsPrefix": Object {
                          "d": undefined,
                        },
                      },
                      "type": "tag",
                      "x-attribsNamespace": Object {
                        "d": undefined,
                      },
                      "x-attribsPrefix": Object {
                        "d": undefined,
                      },
                    },
                  ],
                  "name": "svg",
                  "namespace": "http://www.w3.org/2000/svg",
                  "next": null,
                  "parent": [Circular],
                  "prev": null,
                  "type": "tag",
                  "x-attribsNamespace": Object {
                    "aria-hidden": undefined,
                    "data-icon": undefined,
                    "fill": undefined,
                    "focusable": undefined,
                    "height": undefined,
                    "viewBox": undefined,
                    "width": undefined,
                  },
                  "x-attribsPrefix": Object {
                    "aria-hidden": undefined,
                    "data-icon": undefined,
                    "fill": undefined,
                    "focusable": undefined,
                    "height": undefined,
                    "viewBox": undefined,
                    "width": undefined,
                  },
                },
              ],
              "name": "span",
              "namespace": "http://www.w3.org/1999/xhtml",
              "next": Node {
                "data": " 增加关键词",
                "next": null,
                "parent": [Circular],
                "prev": [Circular],
                "type": "text",
              },
              "parent": [Circular],
              "prev": null,
              "type": "tag",
              "x-attribsNamespace": Object {
                "aria-label": undefined,
                "class": undefined,
                "role": undefined,
              },
              "x-attribsPrefix": Object {
                "aria-label": undefined,
                "class": undefined,
                "role": undefined,
              },
            },
            Node {
              "data": " 增加关键词",
              "next": null,
              "parent": [Circular],
              "prev": Node {
                "attribs": Object {
                  "aria-label": "plus",
                  "class": "anticon anticon-plus",
                  "role": "img",
                },
                "children": Array [
                  Node {
                    "attribs": Object {
                      "aria-hidden": "true",
                      "data-icon": "plus",
                      "fill": "currentColor",
                      "focusable": "false",
                      "height": "1em",
                      "viewBox": "64 64 896 896",
                      "width": "1em",
                    },
                    "children": Array [
                      Node {
                        "attribs": Object {},
                        "children": Array [
                          Node {
                            "attribs": Object {},
                            "children": Array [],
                            "name": "style",
                            "namespace": "http://www.w3.org/2000/svg",
                            "next": null,
                            "parent": [Circular],
                            "prev": null,
                            "type": "style",
                            "x-attribsNamespace": Object {},
                            "x-attribsPrefix": Object {},
                          },
                        ],
                        "name": "defs",
                        "namespace": "http://www.w3.org/2000/svg",
                        "next": Node {
                          "attribs": Object {
                            "d": "M482 152h60q8 0 8 8v704q0 8-8 8h-60q-8 0-8-8V160q0-8 8-8z",
                          },
                          "children": Array [],
                          "name": "path",
                          "namespace": "http://www.w3.org/2000/svg",
                          "next": Node {
                            "attribs": Object {
                              "d": "M176 474h672q8 0 8 8v60q0 8-8 8H176q-8 0-8-8v-60q0-8 8-8z",
                            },
                            "children": Array [],
                            "name": "path",
                            "namespace": "http://www.w3.org/2000/svg",
                            "next": null,
                            "parent": [Circular],
                            "prev": [Circular],
                            "type": "tag",
                            "x-attribsNamespace": Object {
                              "d": undefined,
                            },
                            "x-attribsPrefix": Object {
                              "d": undefined,
                            },
                          },
                          "parent": [Circular],
                          "prev": [Circular],
                          "type": "tag",
                          "x-attribsNamespace": Object {
                            "d": undefined,
                          },
                          "x-attribsPrefix": Object {
                            "d": undefined,
                          },
                        },
                        "parent": [Circular],
                        "prev": null,
                        "type": "tag",
                        "x-attribsNamespace": Object {},
                        "x-attribsPrefix": Object {},
                      },
                      Node {
                        "attribs": Object {
                          "d": "M482 152h60q8 0 8 8v704q0 8-8 8h-60q-8 0-8-8V160q0-8 8-8z",
                        },
                        "children": Array [],
                        "name": "path",
                        "namespace": "http://www.w3.org/2000/svg",
                        "next": Node {
                          "attribs": Object {
                            "d": "M176 474h672q8 0 8 8v60q0 8-8 8H176q-8 0-8-8v-60q0-8 8-8z",
                          },
                          "children": Array [],
                          "name": "path",
                          "namespace": "http://www.w3.org/2000/svg",
                          "next": null,
                          "parent": [Circular],
                          "prev": [Circular],
                          "type": "tag",
                          "x-attribsNamespace": Object {
                            "d": undefined,
                          },
                          "x-attribsPrefix": Object {
                            "d": undefined,
                          },
                        },
                        "parent": [Circular],
                        "prev": Node {
                          "attribs": Object {},
                          "children": Array [
                            Node {
                              "attribs": Object {},
                              "children": Array [],
                              "name": "style",
                              "namespace": "http://www.w3.org/2000/svg",
                              "next": null,
                              "parent": [Circular],
                              "prev": null,
                              "type": "style",
                              "x-attribsNamespace": Object {},
                              "x-attribsPrefix": Object {},
                            },
                          ],
                          "name": "defs",
                          "namespace": "http://www.w3.org/2000/svg",
                          "next": [Circular],
                          "parent": [Circular],
                          "prev": null,
                          "type": "tag",
                          "x-attribsNamespace": Object {},
                          "x-attribsPrefix": Object {},
                        },
                        "type": "tag",
                        "x-attribsNamespace": Object {
                          "d": undefined,
                        },
                        "x-attribsPrefix": Object {
                          "d": undefined,
                        },
                      },
                      Node {
                        "attribs": Object {
                          "d": "M176 474h672q8 0 8 8v60q0 8-8 8H176q-8 0-8-8v-60q0-8 8-8z",
                        },
                        "children": Array [],
                        "name": "path",
                        "namespace": "http://www.w3.org/2000/svg",
                        "next": null,
                        "parent": [Circular],
                        "prev": Node {
                          "attribs": Object {
                            "d": "M482 152h60q8 0 8 8v704q0 8-8 8h-60q-8 0-8-8V160q0-8 8-8z",
                          },
                          "children": Array [],
                          "name": "path",
                          "namespace": "http://www.w3.org/2000/svg",
                          "next": [Circular],
                          "parent": [Circular],
                          "prev": Node {
                            "attribs": Object {},
                            "children": Array [
                              Node {
                                "attribs": Object {},
                                "children": Array [],
                                "name": "style",
                                "namespace": "http://www.w3.org/2000/svg",
                                "next": null,
                                "parent": [Circular],
                                "prev": null,
                                "type": "style",
                                "x-attribsNamespace": Object {},
                                "x-attribsPrefix": Object {},
                              },
                            ],
                            "name": "defs",
                            "namespace": "http://www.w3.org/2000/svg",
                            "next": [Circular],
                            "parent": [Circular],
                            "prev": null,
                            "type": "tag",
                            "x-attribsNamespace": Object {},
                            "x-attribsPrefix": Object {},
                          },
                          "type": "tag",
                          "x-attribsNamespace": Object {
                            "d": undefined,
                          },
                          "x-attribsPrefix": Object {
                            "d": undefined,
                          },
                        },
                        "type": "tag",
                        "x-attribsNamespace": Object {
                          "d": undefined,
                        },
                        "x-attribsPrefix": Object {
                          "d": undefined,
                        },
                      },
                    ],
                    "name": "svg",
                    "namespace": "http://www.w3.org/2000/svg",
                    "next": null,
                    "parent": [Circular],
                    "prev": null,
                    "type": "tag",
                    "x-attribsNamespace": Object {
                      "aria-hidden": undefined,
                      "data-icon": undefined,
                      "fill": undefined,
                      "focusable": undefined,
                      "height": undefined,
                      "viewBox": undefined,
                      "width": undefined,
                    },
                    "x-attribsPrefix": Object {
                      "aria-hidden": undefined,
                      "data-icon": undefined,
                      "fill": undefined,
                      "focusable": undefined,
                      "height": undefined,
                      "viewBox": undefined,
                      "width": undefined,
                    },
                  },
                ],
                "name": "span",
                "namespace": "http://www.w3.org/1999/xhtml",
                "next": [Circular],
                "parent": [Circular],
                "prev": null,
                "type": "tag",
                "x-attribsNamespace": Object {
                  "aria-label": undefined,
                  "class": undefined,
                  "role": undefined,
                },
                "x-attribsPrefix": Object {
                  "aria-label": undefined,
                  "class": undefined,
                  "role": undefined,
                },
              },
              "type": "text",
            },
          ],
          "name": "span",
          "namespace": "http://www.w3.org/1999/xhtml",
          "next": null,
          "parent": [Circular],
          "prev": [Circular],
          "type": "tag",
          "x-attribsNamespace": Object {
            "class": undefined,
          },
          "x-attribsPrefix": Object {
            "class": undefined,
          },
        },
        "parent": [Circular],
        "prev": Node {
          "attribs": Object {
            "class": "ant-tag ii-tags-group-edit",
          },
          "children": Array [
            Node {
              "attribs": Object {},
              "children": Array [
                Node {
                  "data": "disableEditDemo",
                  "next": null,
                  "parent": [Circular],
                  "prev": null,
                  "type": "text",
                },
              ],
              "name": "span",
              "namespace": "http://www.w3.org/1999/xhtml",
              "next": null,
              "parent": [Circular],
              "prev": null,
              "type": "tag",
              "x-attribsNamespace": Object {},
              "x-attribsPrefix": Object {},
            },
          ],
          "name": "span",
          "namespace": "http://www.w3.org/1999/xhtml",
          "next": [Circular],
          "parent": [Circular],
          "prev": null,
          "type": "tag",
          "x-attribsNamespace": Object {
            "class": undefined,
          },
          "x-attribsPrefix": Object {
            "class": undefined,
          },
        },
        "type": "tag",
        "x-attribsNamespace": Object {
          "class": undefined,
        },
        "x-attribsPrefix": Object {
          "class": undefined,
        },
      },
      Node {
        "attribs": Object {
          "class": "ant-tag ii-tags-group-plus",
        },
        "children": Array [
          Node {
            "attribs": Object {
              "aria-label": "plus",
              "class": "anticon anticon-plus",
              "role": "img",
            },
            "children": Array [
              Node {
                "attribs": Object {
                  "aria-hidden": "true",
                  "data-icon": "plus",
                  "fill": "currentColor",
                  "focusable": "false",
                  "height": "1em",
                  "viewBox": "64 64 896 896",
                  "width": "1em",
                },
                "children": Array [
                  Node {
                    "attribs": Object {},
                    "children": Array [
                      Node {
                        "attribs": Object {},
                        "children": Array [],
                        "name": "style",
                        "namespace": "http://www.w3.org/2000/svg",
                        "next": null,
                        "parent": [Circular],
                        "prev": null,
                        "type": "style",
                        "x-attribsNamespace": Object {},
                        "x-attribsPrefix": Object {},
                      },
                    ],
                    "name": "defs",
                    "namespace": "http://www.w3.org/2000/svg",
                    "next": Node {
                      "attribs": Object {
                        "d": "M482 152h60q8 0 8 8v704q0 8-8 8h-60q-8 0-8-8V160q0-8 8-8z",
                      },
                      "children": Array [],
                      "name": "path",
                      "namespace": "http://www.w3.org/2000/svg",
                      "next": Node {
                        "attribs": Object {
                          "d": "M176 474h672q8 0 8 8v60q0 8-8 8H176q-8 0-8-8v-60q0-8 8-8z",
                        },
                        "children": Array [],
                        "name": "path",
                        "namespace": "http://www.w3.org/2000/svg",
                        "next": null,
                        "parent": [Circular],
                        "prev": [Circular],
                        "type": "tag",
                        "x-attribsNamespace": Object {
                          "d": undefined,
                        },
                        "x-attribsPrefix": Object {
                          "d": undefined,
                        },
                      },
                      "parent": [Circular],
                      "prev": [Circular],
                      "type": "tag",
                      "x-attribsNamespace": Object {
                        "d": undefined,
                      },
                      "x-attribsPrefix": Object {
                        "d": undefined,
                      },
                    },
                    "parent": [Circular],
                    "prev": null,
                    "type": "tag",
                    "x-attribsNamespace": Object {},
                    "x-attribsPrefix": Object {},
                  },
                  Node {
                    "attribs": Object {
                      "d": "M482 152h60q8 0 8 8v704q0 8-8 8h-60q-8 0-8-8V160q0-8 8-8z",
                    },
                    "children": Array [],
                    "name": "path",
                    "namespace": "http://www.w3.org/2000/svg",
                    "next": Node {
                      "attribs": Object {
                        "d": "M176 474h672q8 0 8 8v60q0 8-8 8H176q-8 0-8-8v-60q0-8 8-8z",
                      },
                      "children": Array [],
                      "name": "path",
                      "namespace": "http://www.w3.org/2000/svg",
                      "next": null,
                      "parent": [Circular],
                      "prev": [Circular],
                      "type": "tag",
                      "x-attribsNamespace": Object {
                        "d": undefined,
                      },
                      "x-attribsPrefix": Object {
                        "d": undefined,
                      },
                    },
                    "parent": [Circular],
                    "prev": Node {
                      "attribs": Object {},
                      "children": Array [
                        Node {
                          "attribs": Object {},
                          "children": Array [],
                          "name": "style",
                          "namespace": "http://www.w3.org/2000/svg",
                          "next": null,
                          "parent": [Circular],
                          "prev": null,
                          "type": "style",
                          "x-attribsNamespace": Object {},
                          "x-attribsPrefix": Object {},
                        },
                      ],
                      "name": "defs",
                      "namespace": "http://www.w3.org/2000/svg",
                      "next": [Circular],
                      "parent": [Circular],
                      "prev": null,
                      "type": "tag",
                      "x-attribsNamespace": Object {},
                      "x-attribsPrefix": Object {},
                    },
                    "type": "tag",
                    "x-attribsNamespace": Object {
                      "d": undefined,
                    },
                    "x-attribsPrefix": Object {
                      "d": undefined,
                    },
                  },
                  Node {
                    "attribs": Object {
                      "d": "M176 474h672q8 0 8 8v60q0 8-8 8H176q-8 0-8-8v-60q0-8 8-8z",
                    },
                    "children": Array [],
                    "name": "path",
                    "namespace": "http://www.w3.org/2000/svg",
                    "next": null,
                    "parent": [Circular],
                    "prev": Node {
                      "attribs": Object {
                        "d": "M482 152h60q8 0 8 8v704q0 8-8 8h-60q-8 0-8-8V160q0-8 8-8z",
                      },
                      "children": Array [],
                      "name": "path",
                      "namespace": "http://www.w3.org/2000/svg",
                      "next": [Circular],
                      "parent": [Circular],
                      "prev": Node {
                        "attribs": Object {},
                        "children": Array [
                          Node {
                            "attribs": Object {},
                            "children": Array [],
                            "name": "style",
                            "namespace": "http://www.w3.org/2000/svg",
                            "next": null,
                            "parent": [Circular],
                            "prev": null,
                            "type": "style",
                            "x-attribsNamespace": Object {},
                            "x-attribsPrefix": Object {},
                          },
                        ],
                        "name": "defs",
                        "namespace": "http://www.w3.org/2000/svg",
                        "next": [Circular],
                        "parent": [Circular],
                        "prev": null,
                        "type": "tag",
                        "x-attribsNamespace": Object {},
                        "x-attribsPrefix": Object {},
                      },
                      "type": "tag",
                      "x-attribsNamespace": Object {
                        "d": undefined,
                      },
                      "x-attribsPrefix": Object {
                        "d": undefined,
                      },
                    },
                    "type": "tag",
                    "x-attribsNamespace": Object {
                      "d": undefined,
                    },
                    "x-attribsPrefix": Object {
                      "d": undefined,
                    },
                  },
                ],
                "name": "svg",
                "namespace": "http://www.w3.org/2000/svg",
                "next": null,
                "parent": [Circular],
                "prev": null,
                "type": "tag",
                "x-attribsNamespace": Object {
                  "aria-hidden": undefined,
                  "data-icon": undefined,
                  "fill": undefined,
                  "focusable": undefined,
                  "height": undefined,
                  "viewBox": undefined,
                  "width": undefined,
                },
                "x-attribsPrefix": Object {
                  "aria-hidden": undefined,
                  "data-icon": undefined,
                  "fill": undefined,
                  "focusable": undefined,
                  "height": undefined,
                  "viewBox": undefined,
                  "width": undefined,
                },
              },
            ],
            "name": "span",
            "namespace": "http://www.w3.org/1999/xhtml",
            "next": Node {
              "data": " 增加关键词",
              "next": null,
              "parent": [Circular],
              "prev": [Circular],
              "type": "text",
            },
            "parent": [Circular],
            "prev": null,
            "type": "tag",
            "x-attribsNamespace": Object {
              "aria-label": undefined,
              "class": undefined,
              "role": undefined,
            },
            "x-attribsPrefix": Object {
              "aria-label": undefined,
              "class": undefined,
              "role": undefined,
            },
          },
          Node {
            "data": " 增加关键词",
            "next": null,
            "parent": [Circular],
            "prev": Node {
              "attribs": Object {
                "aria-label": "plus",
                "class": "anticon anticon-plus",
                "role": "img",
              },
              "children": Array [
                Node {
                  "attribs": Object {
                    "aria-hidden": "true",
                    "data-icon": "plus",
                    "fill": "currentColor",
                    "focusable": "false",
                    "height": "1em",
                    "viewBox": "64 64 896 896",
                    "width": "1em",
                  },
                  "children": Array [
                    Node {
                      "attribs": Object {},
                      "children": Array [
                        Node {
                          "attribs": Object {},
                          "children": Array [],
                          "name": "style",
                          "namespace": "http://www.w3.org/2000/svg",
                          "next": null,
                          "parent": [Circular],
                          "prev": null,
                          "type": "style",
                          "x-attribsNamespace": Object {},
                          "x-attribsPrefix": Object {},
                        },
                      ],
                      "name": "defs",
                      "namespace": "http://www.w3.org/2000/svg",
                      "next": Node {
                        "attribs": Object {
                          "d": "M482 152h60q8 0 8 8v704q0 8-8 8h-60q-8 0-8-8V160q0-8 8-8z",
                        },
                        "children": Array [],
                        "name": "path",
                        "namespace": "http://www.w3.org/2000/svg",
                        "next": Node {
                          "attribs": Object {
                            "d": "M176 474h672q8 0 8 8v60q0 8-8 8H176q-8 0-8-8v-60q0-8 8-8z",
                          },
                          "children": Array [],
                          "name": "path",
                          "namespace": "http://www.w3.org/2000/svg",
                          "next": null,
                          "parent": [Circular],
                          "prev": [Circular],
                          "type": "tag",
                          "x-attribsNamespace": Object {
                            "d": undefined,
                          },
                          "x-attribsPrefix": Object {
                            "d": undefined,
                          },
                        },
                        "parent": [Circular],
                        "prev": [Circular],
                        "type": "tag",
                        "x-attribsNamespace": Object {
                          "d": undefined,
                        },
                        "x-attribsPrefix": Object {
                          "d": undefined,
                        },
                      },
                      "parent": [Circular],
                      "prev": null,
                      "type": "tag",
                      "x-attribsNamespace": Object {},
                      "x-attribsPrefix": Object {},
                    },
                    Node {
                      "attribs": Object {
                        "d": "M482 152h60q8 0 8 8v704q0 8-8 8h-60q-8 0-8-8V160q0-8 8-8z",
                      },
                      "children": Array [],
                      "name": "path",
                      "namespace": "http://www.w3.org/2000/svg",
                      "next": Node {
                        "attribs": Object {
                          "d": "M176 474h672q8 0 8 8v60q0 8-8 8H176q-8 0-8-8v-60q0-8 8-8z",
                        },
                        "children": Array [],
                        "name": "path",
                        "namespace": "http://www.w3.org/2000/svg",
                        "next": null,
                        "parent": [Circular],
                        "prev": [Circular],
                        "type": "tag",
                        "x-attribsNamespace": Object {
                          "d": undefined,
                        },
                        "x-attribsPrefix": Object {
                          "d": undefined,
                        },
                      },
                      "parent": [Circular],
                      "prev": Node {
                        "attribs": Object {},
                        "children": Array [
                          Node {
                            "attribs": Object {},
                            "children": Array [],
                            "name": "style",
                            "namespace": "http://www.w3.org/2000/svg",
                            "next": null,
                            "parent": [Circular],
                            "prev": null,
                            "type": "style",
                            "x-attribsNamespace": Object {},
                            "x-attribsPrefix": Object {},
                          },
                        ],
                        "name": "defs",
                        "namespace": "http://www.w3.org/2000/svg",
                        "next": [Circular],
                        "parent": [Circular],
                        "prev": null,
                        "type": "tag",
                        "x-attribsNamespace": Object {},
                        "x-attribsPrefix": Object {},
                      },
                      "type": "tag",
                      "x-attribsNamespace": Object {
                        "d": undefined,
                      },
                      "x-attribsPrefix": Object {
                        "d": undefined,
                      },
                    },
                    Node {
                      "attribs": Object {
                        "d": "M176 474h672q8 0 8 8v60q0 8-8 8H176q-8 0-8-8v-60q0-8 8-8z",
                      },
                      "children": Array [],
                      "name": "path",
                      "namespace": "http://www.w3.org/2000/svg",
                      "next": null,
                      "parent": [Circular],
                      "prev": Node {
                        "attribs": Object {
                          "d": "M482 152h60q8 0 8 8v704q0 8-8 8h-60q-8 0-8-8V160q0-8 8-8z",
                        },
                        "children": Array [],
                        "name": "path",
                        "namespace": "http://www.w3.org/2000/svg",
                        "next": [Circular],
                        "parent": [Circular],
                        "prev": Node {
                          "attribs": Object {},
                          "children": Array [
                            Node {
                              "attribs": Object {},
                              "children": Array [],
                              "name": "style",
                              "namespace": "http://www.w3.org/2000/svg",
                              "next": null,
                              "parent": [Circular],
                              "prev": null,
                              "type": "style",
                              "x-attribsNamespace": Object {},
                              "x-attribsPrefix": Object {},
                            },
                          ],
                          "name": "defs",
                          "namespace": "http://www.w3.org/2000/svg",
                          "next": [Circular],
                          "parent": [Circular],
                          "prev": null,
                          "type": "tag",
                          "x-attribsNamespace": Object {},
                          "x-attribsPrefix": Object {},
                        },
                        "type": "tag",
                        "x-attribsNamespace": Object {
                          "d": undefined,
                        },
                        "x-attribsPrefix": Object {
                          "d": undefined,
                        },
                      },
                      "type": "tag",
                      "x-attribsNamespace": Object {
                        "d": undefined,
                      },
                      "x-attribsPrefix": Object {
                        "d": undefined,
                      },
                    },
                  ],
                  "name": "svg",
                  "namespace": "http://www.w3.org/2000/svg",
                  "next": null,
                  "parent": [Circular],
                  "prev": null,
                  "type": "tag",
                  "x-attribsNamespace": Object {
                    "aria-hidden": undefined,
                    "data-icon": undefined,
                    "fill": undefined,
                    "focusable": undefined,
                    "height": undefined,
                    "viewBox": undefined,
                    "width": undefined,
                  },
                  "x-attribsPrefix": Object {
                    "aria-hidden": undefined,
                    "data-icon": undefined,
                    "fill": undefined,
                    "focusable": undefined,
                    "height": undefined,
                    "viewBox": undefined,
                    "width": undefined,
                  },
                },
              ],
              "name": "span",
              "namespace": "http://www.w3.org/1999/xhtml",
              "next": [Circular],
              "parent": [Circular],
              "prev": null,
              "type": "tag",
              "x-attribsNamespace": Object {
                "aria-label": undefined,
                "class": undefined,
                "role": undefined,
              },
              "x-attribsPrefix": Object {
                "aria-label": undefined,
                "class": undefined,
                "role": undefined,
              },
            },
            "type": "text",
          },
        ],
        "name": "span",
        "namespace": "http://www.w3.org/1999/xhtml",
        "next": null,
        "parent": [Circular],
        "prev": Node {
          "attribs": Object {
            "class": "ant-tag ii-tags-group-edit",
          },
          "children": Array [
            Node {
              "attribs": Object {},
              "children": Array [
                Node {
                  "data": "ableEditDemo",
                  "next": null,
                  "parent": [Circular],
                  "prev": null,
                  "type": "text",
                },
              ],
              "name": "span",
              "namespace": "http://www.w3.org/1999/xhtml",
              "next": Node {
                "attribs": Object {
                  "aria-label": "close",
                  "class": "anticon anticon-close ant-tag-close-icon",
                  "role": "img",
                  "tabindex": "-1",
                },
                "children": Array [
                  Node {
                    "attribs": Object {
                      "aria-hidden": "true",
                      "data-icon": "close",
                      "fill": "currentColor",
                      "focusable": "false",
                      "height": "1em",
                      "viewBox": "64 64 896 896",
                      "width": "1em",
                    },
                    "children": Array [
                      Node {
                        "attribs": Object {
                          "d": "M563.8 512l262.5-312.9c4.4-5.2.7-13.1-6.1-13.1h-79.8c-4.7 0-9.2 2.1-12.3 5.7L511.6 449.8 295.1 191.7c-3-3.6-7.5-5.7-12.3-5.7H203c-6.8 0-10.5 7.9-6.1 13.1L459.4 512 196.9 824.9A7.95 7.95 0 00203 838h79.8c4.7 0 9.2-2.1 12.3-5.7l216.5-258.1 216.5 258.1c3 3.6 7.5 5.7 12.3 5.7h79.8c6.8 0 10.5-7.9 6.1-13.1L563.8 512z",
                        },
                        "children": Array [],
                        "name": "path",
                        "namespace": "http://www.w3.org/2000/svg",
                        "next": null,
                        "parent": [Circular],
                        "prev": null,
                        "type": "tag",
                        "x-attribsNamespace": Object {
                          "d": undefined,
                        },
                        "x-attribsPrefix": Object {
                          "d": undefined,
                        },
                      },
                    ],
                    "name": "svg",
                    "namespace": "http://www.w3.org/2000/svg",
                    "next": null,
                    "parent": [Circular],
                    "prev": null,
                    "type": "tag",
                    "x-attribsNamespace": Object {
                      "aria-hidden": undefined,
                      "data-icon": undefined,
                      "fill": undefined,
                      "focusable": undefined,
                      "height": undefined,
                      "viewBox": undefined,
                      "width": undefined,
                    },
                    "x-attribsPrefix": Object {
                      "aria-hidden": undefined,
                      "data-icon": undefined,
                      "fill": undefined,
                      "focusable": undefined,
                      "height": undefined,
                      "viewBox": undefined,
                      "width": undefined,
                    },
                  },
                ],
                "name": "span",
                "namespace": "http://www.w3.org/1999/xhtml",
                "next": null,
                "parent": [Circular],
                "prev": [Circular],
                "type": "tag",
                "x-attribsNamespace": Object {
                  "aria-label": undefined,
                  "class": undefined,
                  "role": undefined,
                  "tabindex": undefined,
                },
                "x-attribsPrefix": Object {
                  "aria-label": undefined,
                  "class": undefined,
                  "role": undefined,
                  "tabindex": undefined,
                },
              },
              "parent": [Circular],
              "prev": null,
              "type": "tag",
              "x-attribsNamespace": Object {},
              "x-attribsPrefix": Object {},
            },
            Node {
              "attribs": Object {
                "aria-label": "close",
                "class": "anticon anticon-close ant-tag-close-icon",
                "role": "img",
                "tabindex": "-1",
              },
              "children": Array [
                Node {
                  "attribs": Object {
                    "aria-hidden": "true",
                    "data-icon": "close",
                    "fill": "currentColor",
                    "focusable": "false",
                    "height": "1em",
                    "viewBox": "64 64 896 896",
                    "width": "1em",
                  },
                  "children": Array [
                    Node {
                      "attribs": Object {
                        "d": "M563.8 512l262.5-312.9c4.4-5.2.7-13.1-6.1-13.1h-79.8c-4.7 0-9.2 2.1-12.3 5.7L511.6 449.8 295.1 191.7c-3-3.6-7.5-5.7-12.3-5.7H203c-6.8 0-10.5 7.9-6.1 13.1L459.4 512 196.9 824.9A7.95 7.95 0 00203 838h79.8c4.7 0 9.2-2.1 12.3-5.7l216.5-258.1 216.5 258.1c3 3.6 7.5 5.7 12.3 5.7h79.8c6.8 0 10.5-7.9 6.1-13.1L563.8 512z",
                      },
                      "children": Array [],
                      "name": "path",
                      "namespace": "http://www.w3.org/2000/svg",
                      "next": null,
                      "parent": [Circular],
                      "prev": null,
                      "type": "tag",
                      "x-attribsNamespace": Object {
                        "d": undefined,
                      },
                      "x-attribsPrefix": Object {
                        "d": undefined,
                      },
                    },
                  ],
                  "name": "svg",
                  "namespace": "http://www.w3.org/2000/svg",
                  "next": null,
                  "parent": [Circular],
                  "prev": null,
                  "type": "tag",
                  "x-attribsNamespace": Object {
                    "aria-hidden": undefined,
                    "data-icon": undefined,
                    "fill": undefined,
                    "focusable": undefined,
                    "height": undefined,
                    "viewBox": undefined,
                    "width": undefined,
                  },
                  "x-attribsPrefix": Object {
                    "aria-hidden": undefined,
                    "data-icon": undefined,
                    "fill": undefined,
                    "focusable": undefined,
                    "height": undefined,
                    "viewBox": undefined,
                    "width": undefined,
                  },
                },
              ],
              "name": "span",
              "namespace": "http://www.w3.org/1999/xhtml",
              "next": null,
              "parent": [Circular],
              "prev": Node {
                "attribs": Object {},
                "children": Array [
                  Node {
                    "data": "ableEditDemo",
                    "next": null,
                    "parent": [Circular],
                    "prev": null,
                    "type": "text",
                  },
                ],
                "name": "span",
                "namespace": "http://www.w3.org/1999/xhtml",
                "next": [Circular],
                "parent": [Circular],
                "prev": null,
                "type": "tag",
                "x-attribsNamespace": Object {},
                "x-attribsPrefix": Object {},
              },
              "type": "tag",
              "x-attribsNamespace": Object {
                "aria-label": undefined,
                "class": undefined,
                "role": undefined,
                "tabindex": undefined,
              },
              "x-attribsPrefix": Object {
                "aria-label": undefined,
                "class": undefined,
                "role": undefined,
                "tabindex": undefined,
              },
            },
          ],
          "name": "span",
          "namespace": "http://www.w3.org/1999/xhtml",
          "next": [Circular],
          "parent": [Circular],
          "prev": Node {
            "attribs": Object {
              "class": "ant-tag ii-tags-group-edit",
            },
            "children": Array [
              Node {
                "attribs": Object {},
                "children": Array [
                  Node {
                    "data": "disableEditDemo",
                    "next": null,
                    "parent": [Circular],
                    "prev": null,
                    "type": "text",
                  },
                ],
                "name": "span",
                "namespace": "http://www.w3.org/1999/xhtml",
                "next": null,
                "parent": [Circular],
                "prev": null,
                "type": "tag",
                "x-attribsNamespace": Object {},
                "x-attribsPrefix": Object {},
              },
            ],
            "name": "span",
            "namespace": "http://www.w3.org/1999/xhtml",
            "next": [Circular],
            "parent": [Circular],
            "prev": null,
            "type": "tag",
            "x-attribsNamespace": Object {
              "class": undefined,
            },
            "x-attribsPrefix": Object {
              "class": undefined,
            },
          },
          "type": "tag",
          "x-attribsNamespace": Object {
            "class": undefined,
          },
          "x-attribsPrefix": Object {
            "class": undefined,
          },
        },
        "type": "tag",
        "x-attribsNamespace": Object {
          "class": undefined,
        },
        "x-attribsPrefix": Object {
          "class": undefined,
        },
      },
    ],
    "name": "div",
    "namespace": "http://www.w3.org/1999/xhtml",
    "next": null,
    "parent": Node {
      "children": Array [
        [Circular],
      ],
      "name": "root",
      "next": null,
      "parent": null,
      "prev": null,
      "type": "root",
    },
    "prev": null,
    "type": "tag",
    "x-attribsNamespace": Object {
      "class": undefined,
    },
    "x-attribsPrefix": Object {
      "class": undefined,
    },
  },
  "_root": [Circular],
  "length": 1,
  "options": Object {
    "decodeEntities": true,
    "xml": false,
  },
}
`;
